[    1115ms] [ERROR] Failed to load resource: the server responded with a status of 500 () @ https://fonts.cdnfonts.com/css/8-bit-operator:0
[    1127ms] [INFO] %cDownload the React DevTools for a better development experience: https://react.dev/link/react-devtools font-weight:bold @ http://localhost:3000/_next/static/chunks/node_modules_next_dist_115brz8._.js:2477
[    1207ms] [LOG] [HMR] connected @ http://localhost:3000/_next/static/chunks/node_modules_next_dist_115brz8._.js:2477
[   30931ms] [LOG] [Fast Refresh] rebuilding @ http://localhost:3000/_next/static/chunks/node_modules_next_dist_115brz8._.js:2477
[   30949ms] [LOG] [Fast Refresh] done in 123ms @ http://localhost:3000/_next/static/chunks/node_modules_next_dist_115brz8._.js:2477
[   95965ms] [LOG] [Fast Refresh] rebuilding @ http://localhost:3000/_next/static/chunks/node_modules_next_dist_115brz8._.js:2477
[   96219ms] [LOG] [Fast Refresh] done in 326ms @ http://localhost:3000/_next/static/chunks/node_modules_next_dist_115brz8._.js:2477
[   96316ms] [WARNING] [.WebGL-0x11c004a7800] GL_INVALID_VALUE: glTexStorage2D: Texture dimensions must all be greater than zero. @ http://localhost:3000/:0
[   96316ms] [WARNING] [.WebGL-0x11c004a7800] GL_INVALID_FRAMEBUFFER_OPERATION: glClear: Framebuffer is incomplete: Attachment has zero size. @ http://localhost:3000/:0
[   96316ms] [WARNING] [.WebGL-0x11c004a7800] GL_INVALID_FRAMEBUFFER_OPERATION: glClearBufferfv: Framebuffer is incomplete: Attachment has zero size. @ http://localhost:3000/:0
[   96316ms] [WARNING] [.WebGL-0x11c004a7800] GL_INVALID_FRAMEBUFFER_OPERATION: glDrawElements: Framebuffer is incomplete: Attachment has zero size. @ http://localhost:3000/:0
[   96316ms] [WARNING] [.WebGL-0x11c004a7800] GL_INVALID_FRAMEBUFFER_OPERATION: glDrawArrays: Framebuffer is incomplete: Attachment has zero size. @ http://localhost:3000/:0
[   96316ms] [WARNING] [.WebGL-0x11c004a7800] GL_INVALID_FRAMEBUFFER_OPERATION: glDrawElements: Framebuffer is incomplete: Attachment has zero size. @ http://localhost:3000/:0
[   96316ms] [WARNING] [.WebGL-0x11c004a7800] GL_INVALID_FRAMEBUFFER_OPERATION: glDrawArrays: Framebuffer is incomplete: Attachment has zero size. @ http://localhost:3000/:0
[   96316ms] [WARNING] [.WebGL-0x11c004a7800] GL_INVALID_FRAMEBUFFER_OPERATION: glDrawElements: Framebuffer is incomplete: Attachment has zero size. @ http://localhost:3000/:0
[   96316ms] [WARNING] [.WebGL-0x11c004a7800] GL_INVALID_FRAMEBUFFER_OPERATION: glDrawElements: Framebuffer is incomplete: Attachment has zero size. @ http://localhost:3000/:0
[   96316ms] [WARNING] [.WebGL-0x11c004a7800] GL_INVALID_FRAMEBUFFER_OPERATION: glDrawElements: Framebuffer is incomplete: Attachment has zero size. @ http://localhost:3000/:0
[   96316ms] [WARNING] [.WebGL-0x11c004a7800] GL_INVALID_FRAMEBUFFER_OPERATION: glDrawElements: Framebuffer is incomplete: Attachment has zero size. @ http://localhost:3000/:0
[   96316ms] [WARNING] [.WebGL-0x11c004a7800] GL_INVALID_FRAMEBUFFER_OPERATION: glDrawElements: Framebuffer is incomplete: Attachment has zero size. @ http://localhost:3000/:0
[   96316ms] [WARNING] [.WebGL-0x11c004a7800] GL_INVALID_FRAMEBUFFER_OPERATION: glDrawElements: Framebuffer is incomplete: Attachment has zero size. @ http://localhost:3000/:0
[   96316ms] [WARNING] [.WebGL-0x11c004a7800] GL_INVALID_FRAMEBUFFER_OPERATION: glDrawElements: Framebuffer is incomplete: Attachment has zero size. @ http://localhost:3000/:0
[   96316ms] [WARNING] [.WebGL-0x11c004a7800] GL_INVALID_FRAMEBUFFER_OPERATION: glDrawElements: Framebuffer is incomplete: Attachment has zero size. @ http://localhost:3000/:0
[   96316ms] [WARNING] [.WebGL-0x11c004a7800] GL_INVALID_FRAMEBUFFER_OPERATION: glDrawElements: Framebuffer is incomplete: Attachment has zero size. @ http://localhost:3000/:0
[   96316ms] [WARNING] [.WebGL-0x11c004a7800] GL_INVALID_FRAMEBUFFER_OPERATION: glDrawElements: Framebuffer is incomplete: Attachment has zero size. @ http://localhost:3000/:0
[   96316ms] [WARNING] [.WebGL-0x11c004a7800] GL_INVALID_FRAMEBUFFER_OPERATION: glDrawElementsInstanced: Framebuffer is incomplete: Attachment has zero size. @ http://localhost:3000/:0
[   96316ms] [WARNING] [.WebGL-0x11c004a7800] GL_INVALID_FRAMEBUFFER_OPERATION: glDrawElementsInstanced: Framebuffer is incomplete: Attachment has zero size. @ http://localhost:3000/:0
[   96316ms] [WARNING] [.WebGL-0x11c004a7800] GL_INVALID_FRAMEBUFFER_OPERATION: glDrawElements: Framebuffer is incomplete: Attachment has zero size. @ http://localhost:3000/:0
[   96317ms] [WARNING] [.WebGL-0x11c004a7800] GL_INVALID_FRAMEBUFFER_OPERATION: glDrawArrays: Framebuffer is incomplete: Attachment has zero size. @ http://localhost:3000/:0
[   96317ms] [WARNING] [.WebGL-0x11c004a7800] GL_INVALID_FRAMEBUFFER_OPERATION: glDrawArrays: Framebuffer is incomplete: Attachment has zero size. @ http://localhost:3000/:0
[   96317ms] [WARNING] [.WebGL-0x11c004a7800] GL_INVALID_FRAMEBUFFER_OPERATION: glDrawArrays: Framebuffer is incomplete: Attachment has zero size. @ http://localhost:3000/:0
[   96317ms] [WARNING] [.WebGL-0x11c004a7800] GL_INVALID_FRAMEBUFFER_OPERATION: glDrawArrays: Framebuffer is incomplete: Attachment has zero size. @ http://localhost:3000/:0
[   96317ms] [WARNING] [.WebGL-0x11c004a7800] GL_INVALID_FRAMEBUFFER_OPERATION: glDrawArrays: Framebuffer is incomplete: Attachment has zero size. @ http://localhost:3000/:0
[   96317ms] [WARNING] [.WebGL-0x11c004a7800] GL_INVALID_FRAMEBUFFER_OPERATION: glDrawArrays: Framebuffer is incomplete: Attachment has zero size. @ http://localhost:3000/:0
[   96317ms] [WARNING] [.WebGL-0x11c004a7800] GL_INVALID_FRAMEBUFFER_OPERATION: glDrawArrays: Framebuffer is incomplete: Attachment has zero size. @ http://localhost:3000/:0
[   96317ms] [WARNING] [.WebGL-0x11c004a7800] GL_INVALID_FRAMEBUFFER_OPERATION: glDrawArrays: Framebuffer is incomplete: Attachment has zero size. @ http://localhost:3000/:0
[   96317ms] [WARNING] [.WebGL-0x11c004a7800] GL_INVALID_FRAMEBUFFER_OPERATION: glDrawArrays: Framebuffer is incomplete: Attachment has zero size. @ http://localhost:3000/:0
[   96317ms] [WARNING] [.WebGL-0x11c004a7800] GL_INVALID_FRAMEBUFFER_OPERATION: glDrawArrays: Framebuffer is incomplete: Attachment has zero size. @ http://localhost:3000/:0
[   96317ms] [WARNING] [.WebGL-0x11c004a7800] GL_INVALID_FRAMEBUFFER_OPERATION: glDrawArrays: Framebuffer is incomplete: Attachment has zero size. @ http://localhost:3000/:0
[   96334ms] [WARNING] [.WebGL-0x11c004a7800] GL_INVALID_FRAMEBUFFER_OPERATION: glClear: Framebuffer is incomplete: Attachment has zero size. @ http://localhost:3000/:0
[   96334ms] [WARNING] [.WebGL-0x11c004a7800] GL_INVALID_FRAMEBUFFER_OPERATION: glClearBufferfv: Framebuffer is incomplete: Attachment has zero size. @ http://localhost:3000/:0
[   96334ms] [WARNING] [.WebGL-0x11c004a7800] GL_INVALID_FRAMEBUFFER_OPERATION: glDrawElements: Framebuffer is incomplete: Attachment has zero size. @ http://localhost:3000/:0
[   96334ms] [WARNING] [.WebGL-0x11c004a7800] GL_INVALID_FRAMEBUFFER_OPERATION: glDrawArrays: Framebuffer is incomplete: Attachment has zero size. @ http://localhost:3000/:0
[   96334ms] [WARNING] [.WebGL-0x11c004a7800] GL_INVALID_FRAMEBUFFER_OPERATION: glDrawElements: Framebuffer is incomplete: Attachment has zero size. @ http://localhost:3000/:0
[   96334ms] [WARNING] [.WebGL-0x11c004a7800] GL_INVALID_FRAMEBUFFER_OPERATION: glDrawArrays: Framebuffer is incomplete: Attachment has zero size. @ http://localhost:3000/:0
[   96334ms] [WARNING] [.WebGL-0x11c004a7800] GL_INVALID_FRAMEBUFFER_OPERATION: glDrawElements: Framebuffer is incomplete: Attachment has zero size. @ http://localhost:3000/:0
[   96334ms] [WARNING] [.WebGL-0x11c004a7800] GL_INVALID_FRAMEBUFFER_OPERATION: glDrawElements: Framebuffer is incomplete: Attachment has zero size. @ http://localhost:3000/:0
[   96334ms] [WARNING] [.WebGL-0x11c004a7800] GL_INVALID_FRAMEBUFFER_OPERATION: glDrawElements: Framebuffer is incomplete: Attachment has zero size. @ http://localhost:3000/:0
[   96334ms] [WARNING] [.WebGL-0x11c004a7800] GL_INVALID_FRAMEBUFFER_OPERATION: glDrawElements: Framebuffer is incomplete: Attachment has zero size. @ http://localhost:3000/:0
[   96334ms] [WARNING] [.WebGL-0x11c004a7800] GL_INVALID_FRAMEBUFFER_OPERATION: glDrawElements: Framebuffer is incomplete: Attachment has zero size. @ http://localhost:3000/:0
[   96334ms] [WARNING] [.WebGL-0x11c004a7800] GL_INVALID_FRAMEBUFFER_OPERATION: glDrawElements: Framebuffer is incomplete: Attachment has zero size. @ http://localhost:3000/:0
[   96334ms] [WARNING] [.WebGL-0x11c004a7800] GL_INVALID_FRAMEBUFFER_OPERATION: glDrawElements: Framebuffer is incomplete: Attachment has zero size. @ http://localhost:3000/:0
[   96334ms] [WARNING] [.WebGL-0x11c004a7800] GL_INVALID_FRAMEBUFFER_OPERATION: glDrawElements: Framebuffer is incomplete: Attachment has zero size. @ http://localhost:3000/:0
[   96334ms] [WARNING] [.WebGL-0x11c004a7800] GL_INVALID_FRAMEBUFFER_OPERATION: glDrawElements: Framebuffer is incomplete: Attachment has zero size. @ http://localhost:3000/:0
[   96334ms] [WARNING] [.WebGL-0x11c004a7800] GL_INVALID_FRAMEBUFFER_OPERATION: glDrawElements: Framebuffer is incomplete: Attachment has zero size. @ http://localhost:3000/:0
[   96334ms] [WARNING] [.WebGL-0x11c004a7800] GL_INVALID_FRAMEBUFFER_OPERATION: glDrawElementsInstanced: Framebuffer is incomplete: Attachment has zero size. @ http://localhost:3000/:0
[   96334ms] [WARNING] [.WebGL-0x11c004a7800] GL_INVALID_FRAMEBUFFER_OPERATION: glDrawElementsInstanced: Framebuffer is incomplete: Attachment has zero size. @ http://localhost:3000/:0
[   96334ms] [WARNING] [.WebGL-0x11c004a7800] GL_INVALID_FRAMEBUFFER_OPERATION: glDrawElements: Framebuffer is incomplete: Attachment has zero size. @ http://localhost:3000/:0
[   96334ms] [WARNING] [.WebGL-0x11c004a7800] GL_INVALID_FRAMEBUFFER_OPERATION: glDrawArrays: Framebuffer is incomplete: Attachment has zero size. @ http://localhost:3000/:0
[   96334ms] [WARNING] [.WebGL-0x11c004a7800] GL_INVALID_FRAMEBUFFER_OPERATION: glDrawArrays: Framebuffer is incomplete: Attachment has zero size. @ http://localhost:3000/:0
[   96334ms] [WARNING] [.WebGL-0x11c004a7800] GL_INVALID_FRAMEBUFFER_OPERATION: glDrawArrays: Framebuffer is incomplete: Attachment has zero size. @ http://localhost:3000/:0
[   96335ms] [WARNING] [.WebGL-0x11c004a7800] GL_INVALID_FRAMEBUFFER_OPERATION: glDrawArrays: Framebuffer is incomplete: Attachment has zero size. @ http://localhost:3000/:0
[   96335ms] [WARNING] [.WebGL-0x11c004a7800] GL_INVALID_FRAMEBUFFER_OPERATION: glDrawArrays: Framebuffer is incomplete: Attachment has zero size. @ http://localhost:3000/:0
[   96335ms] [WARNING] [.WebGL-0x11c004a7800] GL_INVALID_FRAMEBUFFER_OPERATION: glDrawArrays: Framebuffer is incomplete: Attachment has zero size. @ http://localhost:3000/:0
[   96335ms] [WARNING] [.WebGL-0x11c004a7800] GL_INVALID_FRAMEBUFFER_OPERATION: glDrawArrays: Framebuffer is incomplete: Attachment has zero size. @ http://localhost:3000/:0
[   96335ms] [WARNING] [.WebGL-0x11c004a7800] GL_INVALID_FRAMEBUFFER_OPERATION: glDrawArrays: Framebuffer is incomplete: Attachment has zero size. @ http://localhost:3000/:0
[   96335ms] [WARNING] [.WebGL-0x11c004a7800] GL_INVALID_FRAMEBUFFER_OPERATION: glDrawArrays: Framebuffer is incomplete: Attachment has zero size. @ http://localhost:3000/:0
[   96335ms] [WARNING] [.WebGL-0x11c004a7800] GL_INVALID_FRAMEBUFFER_OPERATION: glDrawArrays: Framebuffer is incomplete: Attachment has zero size. @ http://localhost:3000/:0
[   96335ms] [WARNING] [.WebGL-0x11c004a7800] GL_INVALID_FRAMEBUFFER_OPERATION: glDrawArrays: Framebuffer is incomplete: Attachment has zero size. @ http://localhost:3000/:0
[   96339ms] [WARNING] [.WebGL-0x11c004a7800] GL_INVALID_FRAMEBUFFER_OPERATION: glClear: Framebuffer is incomplete: Attachment has zero size. @ http://localhost:3000/:0
[   96339ms] [WARNING] [.WebGL-0x11c004a7800] GL_INVALID_FRAMEBUFFER_OPERATION: glClearBufferfv: Framebuffer is incomplete: Attachment has zero size. @ http://localhost:3000/:0
[   96339ms] [WARNING] [.WebGL-0x11c004a7800] GL_INVALID_FRAMEBUFFER_OPERATION: glDrawElements: Framebuffer is incomplete: Attachment has zero size. @ http://localhost:3000/:0
[   96339ms] [WARNING] [.WebGL-0x11c004a7800] GL_INVALID_FRAMEBUFFER_OPERATION: glDrawArrays: Framebuffer is incomplete: Attachment has zero size. @ http://localhost:3000/:0
[   96339ms] [WARNING] [.WebGL-0x11c004a7800] GL_INVALID_FRAMEBUFFER_OPERATION: glDrawElements: Framebuffer is incomplete: Attachment has zero size. @ http://localhost:3000/:0
[   96339ms] [WARNING] [.WebGL-0x11c004a7800] GL_INVALID_FRAMEBUFFER_OPERATION: glDrawArrays: Framebuffer is incomplete: Attachment has zero size. @ http://localhost:3000/:0
[   96339ms] [WARNING] [.WebGL-0x11c004a7800] GL_INVALID_FRAMEBUFFER_OPERATION: glDrawElements: Framebuffer is incomplete: Attachment has zero size. @ http://localhost:3000/:0
[   96339ms] [WARNING] [.WebGL-0x11c004a7800] GL_INVALID_FRAMEBUFFER_OPERATION: glDrawElements: Framebuffer is incomplete: Attachment has zero size. @ http://localhost:3000/:0
[   96339ms] [WARNING] [.WebGL-0x11c004a7800] GL_INVALID_FRAMEBUFFER_OPERATION: glDrawElements: Framebuffer is incomplete: Attachment has zero size. @ http://localhost:3000/:0
[   96339ms] [WARNING] [.WebGL-0x11c004a7800] GL_INVALID_FRAMEBUFFER_OPERATION: glDrawElements: Framebuffer is incomplete: Attachment has zero size. @ http://localhost:3000/:0
[   96339ms] [WARNING] [.WebGL-0x11c004a7800] GL_INVALID_FRAMEBUFFER_OPERATION: glDrawElements: Framebuffer is incomplete: Attachment has zero size. @ http://localhost:3000/:0
[   96339ms] [WARNING] [.WebGL-0x11c004a7800] GL_INVALID_FRAMEBUFFER_OPERATION: glDrawElements: Framebuffer is incomplete: Attachment has zero size. @ http://localhost:3000/:0
[   96339ms] [WARNING] [.WebGL-0x11c004a7800] GL_INVALID_FRAMEBUFFER_OPERATION: glDrawElements: Framebuffer is incomplete: Attachment has zero size. @ http://localhost:3000/:0
[   96339ms] [WARNING] [.WebGL-0x11c004a7800] GL_INVALID_FRAMEBUFFER_OPERATION: glDrawElements: Framebuffer is incomplete: Attachment has zero size. @ http://localhost:3000/:0
[   96339ms] [WARNING] [.WebGL-0x11c004a7800] GL_INVALID_FRAMEBUFFER_OPERATION: glDrawElements: Framebuffer is incomplete: Attachment has zero size. @ http://localhost:3000/:0
[   96339ms] [WARNING] [.WebGL-0x11c004a7800] GL_INVALID_FRAMEBUFFER_OPERATION: glDrawElements: Framebuffer is incomplete: Attachment has zero size. @ http://localhost:3000/:0
[   96339ms] [WARNING] [.WebGL-0x11c004a7800] GL_INVALID_FRAMEBUFFER_OPERATION: glDrawElementsInstanced: Framebuffer is incomplete: Attachment has zero size. @ http://localhost:3000/:0
[   96339ms] [WARNING] [.WebGL-0x11c004a7800] GL_INVALID_FRAMEBUFFER_OPERATION: glDrawElementsInstanced: Framebuffer is incomplete: Attachment has zero size. @ http://localhost:3000/:0
[   96339ms] [WARNING] [.WebGL-0x11c004a7800] GL_INVALID_FRAMEBUFFER_OPERATION: glDrawElements: Framebuffer is incomplete: Attachment has zero size. @ http://localhost:3000/:0
[   96339ms] [WARNING] [.WebGL-0x11c004a7800] GL_INVALID_FRAMEBUFFER_OPERATION: glDrawArrays: Framebuffer is incomplete: Attachment has zero size. @ http://localhost:3000/:0
[   96339ms] [WARNING] [.WebGL-0x11c004a7800] GL_INVALID_FRAMEBUFFER_OPERATION: glDrawArrays: Framebuffer is incomplete: Attachment has zero size. @ http://localhost:3000/:0
[   96339ms] [WARNING] [.WebGL-0x11c004a7800] GL_INVALID_FRAMEBUFFER_OPERATION: glDrawArrays: Framebuffer is incomplete: Attachment has zero size. @ http://localhost:3000/:0
[   96339ms] [WARNING] [.WebGL-0x11c004a7800] GL_INVALID_FRAMEBUFFER_OPERATION: glDrawArrays: Framebuffer is incomplete: Attachment has zero size. @ http://localhost:3000/:0
[   96339ms] [WARNING] [.WebGL-0x11c004a7800] GL_INVALID_FRAMEBUFFER_OPERATION: glDrawArrays: Framebuffer is incomplete: Attachment has zero size. @ http://localhost:3000/:0
[   96339ms] [WARNING] [.WebGL-0x11c004a7800] GL_INVALID_FRAMEBUFFER_OPERATION: glDrawArrays: Framebuffer is incomplete: Attachment has zero size. @ http://localhost:3000/:0
[   96339ms] [WARNING] [.WebGL-0x11c004a7800] GL_INVALID_FRAMEBUFFER_OPERATION: glDrawArrays: Framebuffer is incomplete: Attachment has zero size. @ http://localhost:3000/:0
[   96339ms] [WARNING] [.WebGL-0x11c004a7800] GL_INVALID_FRAMEBUFFER_OPERATION: glDrawArrays: Framebuffer is incomplete: Attachment has zero size. @ http://localhost:3000/:0
[   96339ms] [WARNING] [.WebGL-0x11c004a7800] GL_INVALID_FRAMEBUFFER_OPERATION: glDrawArrays: Framebuffer is incomplete: Attachment has zero size. @ http://localhost:3000/:0
[   96339ms] [WARNING] [.WebGL-0x11c004a7800] GL_INVALID_FRAMEBUFFER_OPERATION: glDrawArrays: Framebuffer is incomplete: Attachment has zero size. @ http://localhost:3000/:0
[   96339ms] [WARNING] [.WebGL-0x11c004a7800] GL_INVALID_FRAMEBUFFER_OPERATION: glDrawArrays: Framebuffer is incomplete: Attachment has zero size. @ http://localhost:3000/:0
