[    1094ms] [ERROR] Failed to load resource: the server responded with a status of 500 () @ https://fonts.cdnfonts.com/css/8-bit-operator:0
[    1300ms] [INFO] %cDownload the React DevTools for a better development experience: https://react.dev/link/react-devtools font-weight:bold @ http://localhost:3000/_next/static/chunks/node_modules_next_dist_115brz8._.js:2477
[    1368ms] [LOG] [HMR] connected @ http://localhost:3000/_next/static/chunks/node_modules_next_dist_115brz8._.js:2477
[    1520ms] [LOG] [Fast Refresh] rebuilding @ http://localhost:3000/_next/static/chunks/node_modules_next_dist_115brz8._.js:2477
[    1666ms] [LOG] [Fast Refresh] done in 246ms @ http://localhost:3000/_next/static/chunks/node_modules_next_dist_115brz8._.js:2477
[    2343ms] [ERROR] %s is an async Client Component. Only Server Components can be async at the moment. This error is often caused by accidentally adding `'use client'` to a module that was originally written for the server. <u> @ http://localhost:3000/_next/static/chunks/node_modules_next_dist_115brz8._.js:3318
[    2346ms] [ERROR] A component was suspended by an uncached promise. Creating promises inside a Client Component or hook is not yet supported, except via a Suspense-compatible library or framework. @ http://localhost:3000/_next/static/chunks/node_modules_next_dist_115brz8._.js:3318
[    2459ms] [LOG] [Fast Refresh] rebuilding @ http://localhost:3000/_next/static/chunks/node_modules_next_dist_115brz8._.js:2477
[    2467ms] [LOG] [Fast Refresh] done in 113ms @ http://localhost:3000/_next/static/chunks/node_modules_next_dist_115brz8._.js:2477
[    2479ms] [ERROR] A component was suspended by an uncached promise. Creating promises inside a Client Component or hook is not yet supported, except via a Suspense-compatible library or framework. @ http://localhost:3000/_next/static/chunks/node_modules_next_dist_115brz8._.js:3318
[    4786ms] [ERROR] A component was suspended by an uncached promise. Creating promises inside a Client Component or hook is not yet supported, except via a Suspense-compatible library or framework. @ http://localhost:3000/_next/static/chunks/node_modules_next_dist_115brz8._.js:3318
[    8754ms] [LOG] [Fast Refresh] rebuilding @ http://localhost:3000/_next/static/chunks/node_modules_next_dist_115brz8._.js:2477
[    8762ms] [LOG] [Fast Refresh] done in 109ms @ http://localhost:3000/_next/static/chunks/node_modules_next_dist_115brz8._.js:2477
[   29539ms] [LOG] [Fast Refresh] rebuilding @ http://localhost:3000/_next/static/chunks/node_modules_next_dist_115brz8._.js:2477
[   30156ms] [LOG] [Fast Refresh] done in 685ms @ http://localhost:3000/_next/static/chunks/node_modules_next_dist_115brz8._.js:2477
[   30333ms] [WARNING] [.WebGL-0x11c004bbc00] GL_INVALID_VALUE: glTexStorage2D: Texture dimensions must all be greater than zero. @ http://localhost:3000/:0
[   30334ms] [WARNING] [.WebGL-0x11c004bbc00] GL_INVALID_FRAMEBUFFER_OPERATION: glClear: Framebuffer is incomplete: Attachment has zero size. @ http://localhost:3000/:0
[   30334ms] [WARNING] [.WebGL-0x11c004bbc00] GL_INVALID_FRAMEBUFFER_OPERATION: glClearBufferfv: Framebuffer is incomplete: Attachment has zero size. @ http://localhost:3000/:0
[   30354ms] [WARNING] [.WebGL-0x11c004bbc00] GL_INVALID_FRAMEBUFFER_OPERATION: glDrawElements: Framebuffer is incomplete: Attachment has zero size. @ http://localhost:3000/:0
[   30354ms] [WARNING] [.WebGL-0x11c004bbc00] GL_INVALID_FRAMEBUFFER_OPERATION: glDrawArrays: Framebuffer is incomplete: Attachment has zero size. @ http://localhost:3000/:0
[   30354ms] [WARNING] [.WebGL-0x11c004bbc00] GL_INVALID_FRAMEBUFFER_OPERATION: glDrawElements: Framebuffer is incomplete: Attachment has zero size. @ http://localhost:3000/:0
[   30354ms] [WARNING] [.WebGL-0x11c004bbc00] GL_INVALID_FRAMEBUFFER_OPERATION: glDrawArrays: Framebuffer is incomplete: Attachment has zero size. @ http://localhost:3000/:0
[   30354ms] [WARNING] [.WebGL-0x11c004bbc00] GL_INVALID_FRAMEBUFFER_OPERATION: glDrawElements: Framebuffer is incomplete: Attachment has zero size. @ http://localhost:3000/:0
[   30354ms] [WARNING] [.WebGL-0x11c004bbc00] GL_INVALID_FRAMEBUFFER_OPERATION: glDrawElements: Framebuffer is incomplete: Attachment has zero size. @ http://localhost:3000/:0
[   30354ms] [WARNING] [.WebGL-0x11c004bbc00] GL_INVALID_FRAMEBUFFER_OPERATION: glDrawElements: Framebuffer is incomplete: Attachment has zero size. @ http://localhost:3000/:0
[   30354ms] [WARNING] [.WebGL-0x11c004bbc00] GL_INVALID_FRAMEBUFFER_OPERATION: glDrawElements: Framebuffer is incomplete: Attachment has zero size. @ http://localhost:3000/:0
[   30354ms] [WARNING] [.WebGL-0x11c004bbc00] GL_INVALID_FRAMEBUFFER_OPERATION: glDrawElements: Framebuffer is incomplete: Attachment has zero size. @ http://localhost:3000/:0
[   30354ms] [WARNING] [.WebGL-0x11c004bbc00] GL_INVALID_FRAMEBUFFER_OPERATION: glDrawElements: Framebuffer is incomplete: Attachment has zero size. @ http://localhost:3000/:0
[   30354ms] [WARNING] [.WebGL-0x11c004bbc00] GL_INVALID_FRAMEBUFFER_OPERATION: glDrawElements: Framebuffer is incomplete: Attachment has zero size. @ http://localhost:3000/:0
[   30355ms] [WARNING] [.WebGL-0x11c004bbc00] GL_INVALID_FRAMEBUFFER_OPERATION: glDrawElements: Framebuffer is incomplete: Attachment has zero size. @ http://localhost:3000/:0
[   30355ms] [WARNING] [.WebGL-0x11c004bbc00] GL_INVALID_FRAMEBUFFER_OPERATION: glDrawElements: Framebuffer is incomplete: Attachment has zero size. @ http://localhost:3000/:0
[   30355ms] [WARNING] [.WebGL-0x11c004bbc00] GL_INVALID_FRAMEBUFFER_OPERATION: glDrawElements: Framebuffer is incomplete: Attachment has zero size. @ http://localhost:3000/:0
[   30355ms] [WARNING] [.WebGL-0x11c004bbc00] GL_INVALID_FRAMEBUFFER_OPERATION: glDrawElementsInstanced: Framebuffer is incomplete: Attachment has zero size. @ http://localhost:3000/:0
[   30355ms] [WARNING] [.WebGL-0x11c004bbc00] GL_INVALID_FRAMEBUFFER_OPERATION: glDrawElementsInstanced: Framebuffer is incomplete: Attachment has zero size. @ http://localhost:3000/:0
[   30355ms] [WARNING] [.WebGL-0x11c004bbc00] GL_INVALID_FRAMEBUFFER_OPERATION: glDrawElements: Framebuffer is incomplete: Attachment has zero size. @ http://localhost:3000/:0
[   30355ms] [WARNING] [.WebGL-0x11c004bbc00] GL_INVALID_FRAMEBUFFER_OPERATION: glDrawArrays: Framebuffer is incomplete: Attachment has zero size. @ http://localhost:3000/:0
[   30355ms] [WARNING] [.WebGL-0x11c004bbc00] GL_INVALID_FRAMEBUFFER_OPERATION: glDrawArrays: Framebuffer is incomplete: Attachment has zero size. @ http://localhost:3000/:0
[   30355ms] [WARNING] [.WebGL-0x11c004bbc00] GL_INVALID_FRAMEBUFFER_OPERATION: glDrawArrays: Framebuffer is incomplete: Attachment has zero size. @ http://localhost:3000/:0
[   30355ms] [WARNING] [.WebGL-0x11c004bbc00] GL_INVALID_FRAMEBUFFER_OPERATION: glDrawArrays: Framebuffer is incomplete: Attachment has zero size. @ http://localhost:3000/:0
[   30355ms] [WARNING] [.WebGL-0x11c004bbc00] GL_INVALID_FRAMEBUFFER_OPERATION: glDrawArrays: Framebuffer is incomplete: Attachment has zero size. @ http://localhost:3000/:0
[   30355ms] [WARNING] [.WebGL-0x11c004bbc00] GL_INVALID_FRAMEBUFFER_OPERATION: glDrawArrays: Framebuffer is incomplete: Attachment has zero size. @ http://localhost:3000/:0
[   30355ms] [WARNING] [.WebGL-0x11c004bbc00] GL_INVALID_FRAMEBUFFER_OPERATION: glDrawArrays: Framebuffer is incomplete: Attachment has zero size. @ http://localhost:3000/:0
[   30355ms] [WARNING] [.WebGL-0x11c004bbc00] GL_INVALID_FRAMEBUFFER_OPERATION: glDrawArrays: Framebuffer is incomplete: Attachment has zero size. @ http://localhost:3000/:0
[   30355ms] [WARNING] [.WebGL-0x11c004bbc00] GL_INVALID_FRAMEBUFFER_OPERATION: glDrawArrays: Framebuffer is incomplete: Attachment has zero size. @ http://localhost:3000/:0
[   30355ms] [WARNING] [.WebGL-0x11c004bbc00] GL_INVALID_FRAMEBUFFER_OPERATION: glDrawArrays: Framebuffer is incomplete: Attachment has zero size. @ http://localhost:3000/:0
[   30355ms] [WARNING] [.WebGL-0x11c004bbc00] GL_INVALID_FRAMEBUFFER_OPERATION: glDrawArrays: Framebuffer is incomplete: Attachment has zero size. @ http://localhost:3000/:0
[   30355ms] [WARNING] [.WebGL-0x11c004bbc00] GL_INVALID_FRAMEBUFFER_OPERATION: glClear: Framebuffer is incomplete: Attachment has zero size. @ http://localhost:3000/:0
[   30355ms] [WARNING] [.WebGL-0x11c004bbc00] GL_INVALID_FRAMEBUFFER_OPERATION: glClearBufferfv: Framebuffer is incomplete: Attachment has zero size. @ http://localhost:3000/:0
[   30355ms] [WARNING] [.WebGL-0x11c004bbc00] GL_INVALID_FRAMEBUFFER_OPERATION: glDrawElements: Framebuffer is incomplete: Attachment has zero size. @ http://localhost:3000/:0
[   30355ms] [WARNING] [.WebGL-0x11c004bbc00] GL_INVALID_FRAMEBUFFER_OPERATION: glDrawArrays: Framebuffer is incomplete: Attachment has zero size. @ http://localhost:3000/:0
[   30355ms] [WARNING] [.WebGL-0x11c004bbc00] GL_INVALID_FRAMEBUFFER_OPERATION: glDrawElements: Framebuffer is incomplete: Attachment has zero size. @ http://localhost:3000/:0
[   30355ms] [WARNING] [.WebGL-0x11c004bbc00] GL_INVALID_FRAMEBUFFER_OPERATION: glDrawArrays: Framebuffer is incomplete: Attachment has zero size. @ http://localhost:3000/:0
[   30355ms] [WARNING] [.WebGL-0x11c004bbc00] GL_INVALID_FRAMEBUFFER_OPERATION: glDrawElements: Framebuffer is incomplete: Attachment has zero size. @ http://localhost:3000/:0
[   30355ms] [WARNING] [.WebGL-0x11c004bbc00] GL_INVALID_FRAMEBUFFER_OPERATION: glDrawElements: Framebuffer is incomplete: Attachment has zero size. @ http://localhost:3000/:0
[   30355ms] [WARNING] [.WebGL-0x11c004bbc00] GL_INVALID_FRAMEBUFFER_OPERATION: glDrawElements: Framebuffer is incomplete: Attachment has zero size. @ http://localhost:3000/:0
[   30355ms] [WARNING] [.WebGL-0x11c004bbc00] GL_INVALID_FRAMEBUFFER_OPERATION: glDrawElements: Framebuffer is incomplete: Attachment has zero size. @ http://localhost:3000/:0
[   30355ms] [WARNING] [.WebGL-0x11c004bbc00] GL_INVALID_FRAMEBUFFER_OPERATION: glDrawElements: Framebuffer is incomplete: Attachment has zero size. @ http://localhost:3000/:0
[   30355ms] [WARNING] [.WebGL-0x11c004bbc00] GL_INVALID_FRAMEBUFFER_OPERATION: glDrawElements: Framebuffer is incomplete: Attachment has zero size. @ http://localhost:3000/:0
[   30355ms] [WARNING] [.WebGL-0x11c004bbc00] GL_INVALID_FRAMEBUFFER_OPERATION: glDrawElements: Framebuffer is incomplete: Attachment has zero size. @ http://localhost:3000/:0
[   30355ms] [WARNING] [.WebGL-0x11c004bbc00] GL_INVALID_FRAMEBUFFER_OPERATION: glDrawElements: Framebuffer is incomplete: Attachment has zero size. @ http://localhost:3000/:0
[   30355ms] [WARNING] [.WebGL-0x11c004bbc00] GL_INVALID_FRAMEBUFFER_OPERATION: glDrawElements: Framebuffer is incomplete: Attachment has zero size. @ http://localhost:3000/:0
[   30355ms] [WARNING] [.WebGL-0x11c004bbc00] GL_INVALID_FRAMEBUFFER_OPERATION: glDrawElements: Framebuffer is incomplete: Attachment has zero size. @ http://localhost:3000/:0
[   30355ms] [WARNING] [.WebGL-0x11c004bbc00] GL_INVALID_FRAMEBUFFER_OPERATION: glDrawElementsInstanced: Framebuffer is incomplete: Attachment has zero size. @ http://localhost:3000/:0
[   30355ms] [WARNING] [.WebGL-0x11c004bbc00] GL_INVALID_FRAMEBUFFER_OPERATION: glDrawElementsInstanced: Framebuffer is incomplete: Attachment has zero size. @ http://localhost:3000/:0
[   30355ms] [WARNING] [.WebGL-0x11c004bbc00] GL_INVALID_FRAMEBUFFER_OPERATION: glDrawElements: Framebuffer is incomplete: Attachment has zero size. @ http://localhost:3000/:0
[   30361ms] [WARNING] [.WebGL-0x11c004bbc00] GL_INVALID_FRAMEBUFFER_OPERATION: glDrawArrays: Framebuffer is incomplete: Attachment has zero size. @ http://localhost:3000/:0
[   30361ms] [WARNING] [.WebGL-0x11c004bbc00] GL_INVALID_FRAMEBUFFER_OPERATION: glDrawArrays: Framebuffer is incomplete: Attachment has zero size. @ http://localhost:3000/:0
[   30361ms] [WARNING] [.WebGL-0x11c004bbc00] GL_INVALID_FRAMEBUFFER_OPERATION: glDrawArrays: Framebuffer is incomplete: Attachment has zero size. @ http://localhost:3000/:0
[   30361ms] [WARNING] [.WebGL-0x11c004bbc00] GL_INVALID_FRAMEBUFFER_OPERATION: glDrawArrays: Framebuffer is incomplete: Attachment has zero size. @ http://localhost:3000/:0
[   30361ms] [WARNING] [.WebGL-0x11c004bbc00] GL_INVALID_FRAMEBUFFER_OPERATION: glDrawArrays: Framebuffer is incomplete: Attachment has zero size. @ http://localhost:3000/:0
[   30361ms] [WARNING] [.WebGL-0x11c004bbc00] GL_INVALID_FRAMEBUFFER_OPERATION: glDrawArrays: Framebuffer is incomplete: Attachment has zero size. @ http://localhost:3000/:0
[   30361ms] [WARNING] [.WebGL-0x11c004bbc00] GL_INVALID_FRAMEBUFFER_OPERATION: glDrawArrays: Framebuffer is incomplete: Attachment has zero size. @ http://localhost:3000/:0
[   30361ms] [WARNING] [.WebGL-0x11c004bbc00] GL_INVALID_FRAMEBUFFER_OPERATION: glDrawArrays: Framebuffer is incomplete: Attachment has zero size. @ http://localhost:3000/:0
[   30361ms] [WARNING] [.WebGL-0x11c004bbc00] GL_INVALID_FRAMEBUFFER_OPERATION: glDrawArrays: Framebuffer is incomplete: Attachment has zero size. @ http://localhost:3000/:0
[   30361ms] [WARNING] [.WebGL-0x11c004bbc00] GL_INVALID_FRAMEBUFFER_OPERATION: glDrawArrays: Framebuffer is incomplete: Attachment has zero size. @ http://localhost:3000/:0
[   30361ms] [WARNING] [.WebGL-0x11c004bbc00] GL_INVALID_FRAMEBUFFER_OPERATION: glDrawArrays: Framebuffer is incomplete: Attachment has zero size. @ http://localhost:3000/:0
[   30361ms] [WARNING] [.WebGL-0x11c004bbc00] GL_INVALID_FRAMEBUFFER_OPERATION: glClear: Framebuffer is incomplete: Attachment has zero size. @ http://localhost:3000/:0
[   30361ms] [WARNING] [.WebGL-0x11c004bbc00] GL_INVALID_FRAMEBUFFER_OPERATION: glClearBufferfv: Framebuffer is incomplete: Attachment has zero size. @ http://localhost:3000/:0
[   30366ms] [WARNING] [.WebGL-0x11c004bbc00] GL_INVALID_FRAMEBUFFER_OPERATION: glDrawElements: Framebuffer is incomplete: Attachment has zero size. @ http://localhost:3000/:0
[   30366ms] [WARNING] [.WebGL-0x11c004bbc00] GL_INVALID_FRAMEBUFFER_OPERATION: glDrawArrays: Framebuffer is incomplete: Attachment has zero size. @ http://localhost:3000/:0
[   30366ms] [WARNING] [.WebGL-0x11c004bbc00] GL_INVALID_FRAMEBUFFER_OPERATION: glDrawElements: Framebuffer is incomplete: Attachment has zero size. @ http://localhost:3000/:0
[   30366ms] [WARNING] [.WebGL-0x11c004bbc00] GL_INVALID_FRAMEBUFFER_OPERATION: glDrawArrays: Framebuffer is incomplete: Attachment has zero size. @ http://localhost:3000/:0
[   30366ms] [WARNING] [.WebGL-0x11c004bbc00] GL_INVALID_FRAMEBUFFER_OPERATION: glDrawElements: Framebuffer is incomplete: Attachment has zero size. @ http://localhost:3000/:0
[   30366ms] [WARNING] [.WebGL-0x11c004bbc00] GL_INVALID_FRAMEBUFFER_OPERATION: glDrawElements: Framebuffer is incomplete: Attachment has zero size. @ http://localhost:3000/:0
[   30366ms] [WARNING] [.WebGL-0x11c004bbc00] GL_INVALID_FRAMEBUFFER_OPERATION: glDrawElements: Framebuffer is incomplete: Attachment has zero size. @ http://localhost:3000/:0
[   30366ms] [WARNING] [.WebGL-0x11c004bbc00] GL_INVALID_FRAMEBUFFER_OPERATION: glDrawElements: Framebuffer is incomplete: Attachment has zero size. @ http://localhost:3000/:0
[   30366ms] [WARNING] [.WebGL-0x11c004bbc00] GL_INVALID_FRAMEBUFFER_OPERATION: glDrawElements: Framebuffer is incomplete: Attachment has zero size. @ http://localhost:3000/:0
[   30366ms] [WARNING] [.WebGL-0x11c004bbc00] GL_INVALID_FRAMEBUFFER_OPERATION: glDrawElements: Framebuffer is incomplete: Attachment has zero size. @ http://localhost:3000/:0
[   30366ms] [WARNING] [.WebGL-0x11c004bbc00] GL_INVALID_FRAMEBUFFER_OPERATION: glDrawElements: Framebuffer is incomplete: Attachment has zero size. @ http://localhost:3000/:0
[   30366ms] [WARNING] [.WebGL-0x11c004bbc00] GL_INVALID_FRAMEBUFFER_OPERATION: glDrawElements: Framebuffer is incomplete: Attachment has zero size. @ http://localhost:3000/:0
[   30366ms] [WARNING] [.WebGL-0x11c004bbc00] GL_INVALID_FRAMEBUFFER_OPERATION: glDrawElements: Framebuffer is incomplete: Attachment has zero size. @ http://localhost:3000/:0
[   30366ms] [WARNING] [.WebGL-0x11c004bbc00] GL_INVALID_FRAMEBUFFER_OPERATION: glDrawElements: Framebuffer is incomplete: Attachment has zero size. @ http://localhost:3000/:0
[   30366ms] [WARNING] [.WebGL-0x11c004bbc00] GL_INVALID_FRAMEBUFFER_OPERATION: glDrawElementsInstanced: Framebuffer is incomplete: Attachment has zero size. @ http://localhost:3000/:0
[   30366ms] [WARNING] [.WebGL-0x11c004bbc00] GL_INVALID_FRAMEBUFFER_OPERATION: glDrawElementsInstanced: Framebuffer is incomplete: Attachment has zero size. @ http://localhost:3000/:0
[   30366ms] [WARNING] [.WebGL-0x11c004bbc00] GL_INVALID_FRAMEBUFFER_OPERATION: glDrawElements: Framebuffer is incomplete: Attachment has zero size. @ http://localhost:3000/:0
[   30366ms] [WARNING] [.WebGL-0x11c004bbc00] GL_INVALID_FRAMEBUFFER_OPERATION: glDrawArrays: Framebuffer is incomplete: Attachment has zero size. @ http://localhost:3000/:0
[   30366ms] [WARNING] [.WebGL-0x11c004bbc00] GL_INVALID_FRAMEBUFFER_OPERATION: glDrawArrays: Framebuffer is incomplete: Attachment has zero size. @ http://localhost:3000/:0
[   30366ms] [WARNING] [.WebGL-0x11c004bbc00] GL_INVALID_FRAMEBUFFER_OPERATION: glDrawArrays: Framebuffer is incomplete: Attachment has zero size. @ http://localhost:3000/:0
[   30366ms] [WARNING] [.WebGL-0x11c004bbc00] GL_INVALID_FRAMEBUFFER_OPERATION: glDrawArrays: Framebuffer is incomplete: Attachment has zero size. @ http://localhost:3000/:0
[   30366ms] [WARNING] [.WebGL-0x11c004bbc00] GL_INVALID_FRAMEBUFFER_OPERATION: glDrawArrays: Framebuffer is incomplete: Attachment has zero size. @ http://localhost:3000/:0
[   30366ms] [WARNING] [.WebGL-0x11c004bbc00] GL_INVALID_FRAMEBUFFER_OPERATION: glDrawArrays: Framebuffer is incomplete: Attachment has zero size. @ http://localhost:3000/:0
[   30366ms] [WARNING] [.WebGL-0x11c004bbc00] GL_INVALID_FRAMEBUFFER_OPERATION: glDrawArrays: Framebuffer is incomplete: Attachment has zero size. @ http://localhost:3000/:0
[   30366ms] [WARNING] [.WebGL-0x11c004bbc00] GL_INVALID_FRAMEBUFFER_OPERATION: glDrawArrays: Framebuffer is incomplete: Attachment has zero size. @ http://localhost:3000/:0
[   30366ms] [WARNING] [.WebGL-0x11c004bbc00] GL_INVALID_FRAMEBUFFER_OPERATION: glDrawArrays: Framebuffer is incomplete: Attachment has zero size. @ http://localhost:3000/:0
[   30366ms] [WARNING] [.WebGL-0x11c004bbc00] GL_INVALID_FRAMEBUFFER_OPERATION: glDrawArrays: Framebuffer is incomplete: Attachment has zero size. @ http://localhost:3000/:0
[   30366ms] [WARNING] [.WebGL-0x11c004bbc00] GL_INVALID_FRAMEBUFFER_OPERATION: glDrawArrays: Framebuffer is incomplete: Attachment has zero size. @ http://localhost:3000/:0
[   30366ms] [WARNING] [.WebGL-0x11c004bbc00] GL_INVALID_FRAMEBUFFER_OPERATION: glClear: Framebuffer is incomplete: Attachment has zero size. @ http://localhost:3000/:0
[   30366ms] [WARNING] [.WebGL-0x11c004bbc00] GL_INVALID_FRAMEBUFFER_OPERATION: glClearBufferfv: Framebuffer is incomplete: Attachment has zero size. @ http://localhost:3000/:0
[   30386ms] [WARNING] [.WebGL-0x11c004bbc00] GL_INVALID_FRAMEBUFFER_OPERATION: glDrawElements: Framebuffer is incomplete: Attachment has zero size. @ http://localhost:3000/:0
[   30386ms] [WARNING] [.WebGL-0x11c004bbc00] GL_INVALID_FRAMEBUFFER_OPERATION: glDrawArrays: Framebuffer is incomplete: Attachment has zero size. @ http://localhost:3000/:0
[   30386ms] [WARNING] [.WebGL-0x11c004bbc00] GL_INVALID_FRAMEBUFFER_OPERATION: glDrawElements: Framebuffer is incomplete: Attachment has zero size. @ http://localhost:3000/:0
[   30386ms] [WARNING] [.WebGL-0x11c004bbc00] GL_INVALID_FRAMEBUFFER_OPERATION: glDrawArrays: Framebuffer is incomplete: Attachment has zero size. @ http://localhost:3000/:0
[   30386ms] [WARNING] [.WebGL-0x11c004bbc00] GL_INVALID_FRAMEBUFFER_OPERATION: glDrawElements: Framebuffer is incomplete: Attachment has zero size. @ http://localhost:3000/:0
[   30386ms] [WARNING] [.WebGL-0x11c004bbc00] GL_INVALID_FRAMEBUFFER_OPERATION: glDrawElements: Framebuffer is incomplete: Attachment has zero size. @ http://localhost:3000/:0
[   30386ms] [WARNING] [.WebGL-0x11c004bbc00] GL_INVALID_FRAMEBUFFER_OPERATION: glDrawElements: Framebuffer is incomplete: Attachment has zero size. @ http://localhost:3000/:0
[   30386ms] [WARNING] [.WebGL-0x11c004bbc00] GL_INVALID_FRAMEBUFFER_OPERATION: glDrawElements: Framebuffer is incomplete: Attachment has zero size. @ http://localhost:3000/:0
[   30386ms] [WARNING] [.WebGL-0x11c004bbc00] GL_INVALID_FRAMEBUFFER_OPERATION: glDrawElements: Framebuffer is incomplete: Attachment has zero size. @ http://localhost:3000/:0
[   30386ms] [WARNING] [.WebGL-0x11c004bbc00] GL_INVALID_FRAMEBUFFER_OPERATION: glDrawElements: Framebuffer is incomplete: Attachment has zero size. @ http://localhost:3000/:0
[   30386ms] [WARNING] [.WebGL-0x11c004bbc00] GL_INVALID_FRAMEBUFFER_OPERATION: glDrawElements: Framebuffer is incomplete: Attachment has zero size. @ http://localhost:3000/:0
[   30386ms] [WARNING] [.WebGL-0x11c004bbc00] GL_INVALID_FRAMEBUFFER_OPERATION: glDrawElements: Framebuffer is incomplete: Attachment has zero size. @ http://localhost:3000/:0
[   30386ms] [WARNING] [.WebGL-0x11c004bbc00] GL_INVALID_FRAMEBUFFER_OPERATION: glDrawElements: Framebuffer is incomplete: Attachment has zero size. @ http://localhost:3000/:0
[   30386ms] [WARNING] [.WebGL-0x11c004bbc00] GL_INVALID_FRAMEBUFFER_OPERATION: glDrawElements: Framebuffer is incomplete: Attachment has zero size. @ http://localhost:3000/:0
[   30387ms] [WARNING] [.WebGL-0x11c004bbc00] GL_INVALID_FRAMEBUFFER_OPERATION: glDrawElementsInstanced: Framebuffer is incomplete: Attachment has zero size. @ http://localhost:3000/:0
[   30387ms] [WARNING] [.WebGL-0x11c004bbc00] GL_INVALID_FRAMEBUFFER_OPERATION: glDrawElementsInstanced: Framebuffer is incomplete: Attachment has zero size. @ http://localhost:3000/:0
[   30387ms] [WARNING] [.WebGL-0x11c004bbc00] GL_INVALID_FRAMEBUFFER_OPERATION: glDrawElements: Framebuffer is incomplete: Attachment has zero size. @ http://localhost:3000/:0
[   30387ms] [WARNING] [.WebGL-0x11c004bbc00] GL_INVALID_FRAMEBUFFER_OPERATION: glDrawArrays: Framebuffer is incomplete: Attachment has zero size. @ http://localhost:3000/:0
[   30387ms] [WARNING] [.WebGL-0x11c004bbc00] GL_INVALID_FRAMEBUFFER_OPERATION: glDrawArrays: Framebuffer is incomplete: Attachment has zero size. @ http://localhost:3000/:0
[   30387ms] [WARNING] [.WebGL-0x11c004bbc00] GL_INVALID_FRAMEBUFFER_OPERATION: glDrawArrays: Framebuffer is incomplete: Attachment has zero size. @ http://localhost:3000/:0
[   30387ms] [WARNING] [.WebGL-0x11c004bbc00] GL_INVALID_FRAMEBUFFER_OPERATION: glDrawArrays: Framebuffer is incomplete: Attachment has zero size. @ http://localhost:3000/:0
[   30387ms] [WARNING] [.WebGL-0x11c004bbc00] GL_INVALID_FRAMEBUFFER_OPERATION: glDrawArrays: Framebuffer is incomplete: Attachment has zero size. @ http://localhost:3000/:0
[   30387ms] [WARNING] [.WebGL-0x11c004bbc00] GL_INVALID_FRAMEBUFFER_OPERATION: glDrawArrays: Framebuffer is incomplete: Attachment has zero size. @ http://localhost:3000/:0
[   30387ms] [WARNING] [.WebGL-0x11c004bbc00] GL_INVALID_FRAMEBUFFER_OPERATION: glDrawArrays: Framebuffer is incomplete: Attachment has zero size. @ http://localhost:3000/:0
[   30387ms] [WARNING] [.WebGL-0x11c004bbc00] GL_INVALID_FRAMEBUFFER_OPERATION: glDrawArrays: Framebuffer is incomplete: Attachment has zero size. @ http://localhost:3000/:0
[   30387ms] [WARNING] [.WebGL-0x11c004bbc00] GL_INVALID_FRAMEBUFFER_OPERATION: glDrawArrays: Framebuffer is incomplete: Attachment has zero size. @ http://localhost:3000/:0
[   30387ms] [WARNING] [.WebGL-0x11c004bbc00] GL_INVALID_FRAMEBUFFER_OPERATION: glDrawArrays: Framebuffer is incomplete: Attachment has zero size. @ http://localhost:3000/:0
[   30387ms] [WARNING] [.WebGL-0x11c004bbc00] GL_INVALID_FRAMEBUFFER_OPERATION: glDrawArrays: Framebuffer is incomplete: Attachment has zero size. @ http://localhost:3000/:0
[   30387ms] [WARNING] [.WebGL-0x11c004bbc00] GL_INVALID_FRAMEBUFFER_OPERATION: glClear: Framebuffer is incomplete: Attachment has zero size. @ http://localhost:3000/:0
[   30387ms] [WARNING] [.WebGL-0x11c004bbc00] GL_INVALID_FRAMEBUFFER_OPERATION: glClearBufferfv: Framebuffer is incomplete: Attachment has zero size. @ http://localhost:3000/:0
[   30387ms] [WARNING] [.WebGL-0x11c004bbc00] GL_INVALID_FRAMEBUFFER_OPERATION: glDrawElements: Framebuffer is incomplete: Attachment has zero size. @ http://localhost:3000/:0
[   30387ms] [WARNING] [.WebGL-0x11c004bbc00] GL_INVALID_FRAMEBUFFER_OPERATION: glDrawArrays: Framebuffer is incomplete: Attachment has zero size. @ http://localhost:3000/:0
[   30387ms] [WARNING] [.WebGL-0x11c004bbc00] GL_INVALID_FRAMEBUFFER_OPERATION: glDrawElements: Framebuffer is incomplete: Attachment has zero size. @ http://localhost:3000/:0
[   30387ms] [WARNING] [.WebGL-0x11c004bbc00] GL_INVALID_FRAMEBUFFER_OPERATION: glDrawArrays: Framebuffer is incomplete: Attachment has zero size. @ http://localhost:3000/:0
[   30387ms] [WARNING] [.WebGL-0x11c004bbc00] GL_INVALID_FRAMEBUFFER_OPERATION: glDrawElements: Framebuffer is incomplete: Attachment has zero size. @ http://localhost:3000/:0
[   30387ms] [WARNING] [.WebGL-0x11c004bbc00] GL_INVALID_FRAMEBUFFER_OPERATION: glDrawElements: Framebuffer is incomplete: Attachment has zero size. @ http://localhost:3000/:0
[   30387ms] [WARNING] [.WebGL-0x11c004bbc00] GL_INVALID_FRAMEBUFFER_OPERATION: glDrawElements: Framebuffer is incomplete: Attachment has zero size. @ http://localhost:3000/:0
[   30387ms] [WARNING] [.WebGL-0x11c004bbc00] GL_INVALID_FRAMEBUFFER_OPERATION: glDrawElements: Framebuffer is incomplete: Attachment has zero size. @ http://localhost:3000/:0
[   30387ms] [WARNING] [.WebGL-0x11c004bbc00] GL_INVALID_FRAMEBUFFER_OPERATION: glDrawElements: Framebuffer is incomplete: Attachment has zero size. @ http://localhost:3000/:0
[   30387ms] [WARNING] [.WebGL-0x11c004bbc00] GL_INVALID_FRAMEBUFFER_OPERATION: glDrawElements: Framebuffer is incomplete: Attachment has zero size. @ http://localhost:3000/:0
[   30387ms] [WARNING] [.WebGL-0x11c004bbc00] GL_INVALID_FRAMEBUFFER_OPERATION: glDrawElements: Framebuffer is incomplete: Attachment has zero size. @ http://localhost:3000/:0
[   30387ms] [WARNING] [.WebGL-0x11c004bbc00] GL_INVALID_FRAMEBUFFER_OPERATION: glDrawElements: Framebuffer is incomplete: Attachment has zero size. @ http://localhost:3000/:0
[   30387ms] [WARNING] [.WebGL-0x11c004bbc00] GL_INVALID_FRAMEBUFFER_OPERATION: glDrawElements: Framebuffer is incomplete: Attachment has zero size. @ http://localhost:3000/:0
[   30387ms] [WARNING] [.WebGL-0x11c004bbc00] GL_INVALID_FRAMEBUFFER_OPERATION: glDrawElements: Framebuffer is incomplete: Attachment has zero size. @ http://localhost:3000/:0
[   30387ms] [WARNING] [.WebGL-0x11c004bbc00] GL_INVALID_FRAMEBUFFER_OPERATION: glDrawElementsInstanced: Framebuffer is incomplete: Attachment has zero size. @ http://localhost:3000/:0
[   30388ms] [WARNING] [.WebGL-0x11c004bbc00] GL_INVALID_FRAMEBUFFER_OPERATION: glDrawElementsInstanced: Framebuffer is incomplete: Attachment has zero size. @ http://localhost:3000/:0
[   30388ms] [WARNING] [.WebGL-0x11c004bbc00] GL_INVALID_FRAMEBUFFER_OPERATION: glDrawElements: Framebuffer is incomplete: Attachment has zero size. @ http://localhost:3000/:0
[   30388ms] [WARNING] [.WebGL-0x11c004bbc00] GL_INVALID_FRAMEBUFFER_OPERATION: glDrawArrays: Framebuffer is incomplete: Attachment has zero size. @ http://localhost:3000/:0
[   30388ms] [WARNING] [.WebGL-0x11c004bbc00] GL_INVALID_FRAMEBUFFER_OPERATION: glDrawArrays: Framebuffer is incomplete: Attachment has zero size. @ http://localhost:3000/:0
[   30388ms] [WARNING] [.WebGL-0x11c004bbc00] GL_INVALID_FRAMEBUFFER_OPERATION: glDrawArrays: Framebuffer is incomplete: Attachment has zero size. @ http://localhost:3000/:0
[   30388ms] [WARNING] [.WebGL-0x11c004bbc00] GL_INVALID_FRAMEBUFFER_OPERATION: glDrawArrays: Framebuffer is incomplete: Attachment has zero size. @ http://localhost:3000/:0
[   30388ms] [WARNING] [.WebGL-0x11c004bbc00] GL_INVALID_FRAMEBUFFER_OPERATION: glDrawArrays: Framebuffer is incomplete: Attachment has zero size. @ http://localhost:3000/:0
[   30388ms] [WARNING] [.WebGL-0x11c004bbc00] GL_INVALID_FRAMEBUFFER_OPERATION: glDrawArrays: Framebuffer is incomplete: Attachment has zero size. @ http://localhost:3000/:0
[   30388ms] [WARNING] [.WebGL-0x11c004bbc00] GL_INVALID_FRAMEBUFFER_OPERATION: glDrawArrays: Framebuffer is incomplete: Attachment has zero size. @ http://localhost:3000/:0
[   30388ms] [WARNING] [.WebGL-0x11c004bbc00] GL_INVALID_FRAMEBUFFER_OPERATION: glDrawArrays: Framebuffer is incomplete: Attachment has zero size. @ http://localhost:3000/:0
[   30402ms] [WARNING] [.WebGL-0x11c004bbc00] GL_INVALID_FRAMEBUFFER_OPERATION: glDrawArrays: Framebuffer is incomplete: Attachment has zero size. @ http://localhost:3000/:0
[   30402ms] [WARNING] [.WebGL-0x11c004bbc00] GL_INVALID_FRAMEBUFFER_OPERATION: glDrawArrays: Framebuffer is incomplete: Attachment has zero size. @ http://localhost:3000/:0
[   30402ms] [WARNING] [.WebGL-0x11c004bbc00] GL_INVALID_FRAMEBUFFER_OPERATION: glDrawArrays: Framebuffer is incomplete: Attachment has zero size. @ http://localhost:3000/:0
[   30402ms] [WARNING] [.WebGL-0x11c004bbc00] GL_INVALID_FRAMEBUFFER_OPERATION: glClear: Framebuffer is incomplete: Attachment has zero size. @ http://localhost:3000/:0
[   30402ms] [WARNING] [.WebGL-0x11c004bbc00] GL_INVALID_FRAMEBUFFER_OPERATION: glClearBufferfv: Framebuffer is incomplete: Attachment has zero size. @ http://localhost:3000/:0
[   30402ms] [WARNING] [.WebGL-0x11c004bbc00] GL_INVALID_FRAMEBUFFER_OPERATION: glDrawElements: Framebuffer is incomplete: Attachment has zero size. @ http://localhost:3000/:0
[   30402ms] [WARNING] [.WebGL-0x11c004bbc00] GL_INVALID_FRAMEBUFFER_OPERATION: glDrawArrays: Framebuffer is incomplete: Attachment has zero size. @ http://localhost:3000/:0
[   30402ms] [WARNING] [.WebGL-0x11c004bbc00] GL_INVALID_FRAMEBUFFER_OPERATION: glDrawElements: Framebuffer is incomplete: Attachment has zero size. @ http://localhost:3000/:0
[   30402ms] [WARNING] [.WebGL-0x11c004bbc00] GL_INVALID_FRAMEBUFFER_OPERATION: glDrawArrays: Framebuffer is incomplete: Attachment has zero size. @ http://localhost:3000/:0
[   30402ms] [WARNING] [.WebGL-0x11c004bbc00] GL_INVALID_FRAMEBUFFER_OPERATION: glDrawElements: Framebuffer is incomplete: Attachment has zero size. @ http://localhost:3000/:0
[   30402ms] [WARNING] [.WebGL-0x11c004bbc00] GL_INVALID_FRAMEBUFFER_OPERATION: glDrawElements: Framebuffer is incomplete: Attachment has zero size. @ http://localhost:3000/:0
[   30402ms] [WARNING] [.WebGL-0x11c004bbc00] GL_INVALID_FRAMEBUFFER_OPERATION: glDrawElements: Framebuffer is incomplete: Attachment has zero size. @ http://localhost:3000/:0
[   30402ms] [WARNING] [.WebGL-0x11c004bbc00] GL_INVALID_FRAMEBUFFER_OPERATION: glDrawElements: Framebuffer is incomplete: Attachment has zero size. @ http://localhost:3000/:0
[   30402ms] [WARNING] [.WebGL-0x11c004bbc00] GL_INVALID_FRAMEBUFFER_OPERATION: glDrawElements: Framebuffer is incomplete: Attachment has zero size. @ http://localhost:3000/:0
[   30402ms] [WARNING] [.WebGL-0x11c004bbc00] GL_INVALID_FRAMEBUFFER_OPERATION: glDrawElements: Framebuffer is incomplete: Attachment has zero size. @ http://localhost:3000/:0
[   30402ms] [WARNING] [.WebGL-0x11c004bbc00] GL_INVALID_FRAMEBUFFER_OPERATION: glDrawElements: Framebuffer is incomplete: Attachment has zero size. @ http://localhost:3000/:0
[   30402ms] [WARNING] [.WebGL-0x11c004bbc00] GL_INVALID_FRAMEBUFFER_OPERATION: glDrawElements: Framebuffer is incomplete: Attachment has zero size. @ http://localhost:3000/:0
[   30402ms] [WARNING] [.WebGL-0x11c004bbc00] GL_INVALID_FRAMEBUFFER_OPERATION: glDrawElements: Framebuffer is incomplete: Attachment has zero size. @ http://localhost:3000/:0
[   30402ms] [WARNING] [.WebGL-0x11c004bbc00] GL_INVALID_FRAMEBUFFER_OPERATION: glDrawElements: Framebuffer is incomplete: Attachment has zero size. @ http://localhost:3000/:0
[   30402ms] [WARNING] [.WebGL-0x11c004bbc00] GL_INVALID_FRAMEBUFFER_OPERATION: glDrawElementsInstanced: Framebuffer is incomplete: Attachment has zero size. @ http://localhost:3000/:0
[   30402ms] [WARNING] [.WebGL-0x11c004bbc00] GL_INVALID_FRAMEBUFFER_OPERATION: glDrawElementsInstanced: Framebuffer is incomplete: Attachment has zero size. @ http://localhost:3000/:0
[   30402ms] [WARNING] [.WebGL-0x11c004bbc00] GL_INVALID_FRAMEBUFFER_OPERATION: glDrawElements: Framebuffer is incomplete: Attachment has zero size. @ http://localhost:3000/:0
[   30402ms] [WARNING] [.WebGL-0x11c004bbc00] GL_INVALID_FRAMEBUFFER_OPERATION: glDrawArrays: Framebuffer is incomplete: Attachment has zero size. @ http://localhost:3000/:0
[   30402ms] [WARNING] [.WebGL-0x11c004bbc00] GL_INVALID_FRAMEBUFFER_OPERATION: glDrawArrays: Framebuffer is incomplete: Attachment has zero size. @ http://localhost:3000/:0
[   30402ms] [WARNING] [.WebGL-0x11c004bbc00] GL_INVALID_FRAMEBUFFER_OPERATION: glDrawArrays: Framebuffer is incomplete: Attachment has zero size. @ http://localhost:3000/:0
[   30402ms] [WARNING] [.WebGL-0x11c004bbc00] GL_INVALID_FRAMEBUFFER_OPERATION: glDrawArrays: Framebuffer is incomplete: Attachment has zero size. @ http://localhost:3000/:0
[   30402ms] [WARNING] [.WebGL-0x11c004bbc00] GL_INVALID_FRAMEBUFFER_OPERATION: glDrawArrays: Framebuffer is incomplete: Attachment has zero size. @ http://localhost:3000/:0
[   30402ms] [WARNING] [.WebGL-0x11c004bbc00] GL_INVALID_FRAMEBUFFER_OPERATION: glDrawArrays: Framebuffer is incomplete: Attachment has zero size. @ http://localhost:3000/:0
[   30419ms] [WARNING] [.WebGL-0x11c004bbc00] GL_INVALID_FRAMEBUFFER_OPERATION: glDrawArrays: Framebuffer is incomplete: Attachment has zero size. @ http://localhost:3000/:0
[   30419ms] [WARNING] [.WebGL-0x11c004bbc00] GL_INVALID_FRAMEBUFFER_OPERATION: glDrawArrays: Framebuffer is incomplete: Attachment has zero size. @ http://localhost:3000/:0
[   30419ms] [WARNING] [.WebGL-0x11c004bbc00] GL_INVALID_FRAMEBUFFER_OPERATION: glDrawArrays: Framebuffer is incomplete: Attachment has zero size. @ http://localhost:3000/:0
[   30419ms] [WARNING] [.WebGL-0x11c004bbc00] GL_INVALID_FRAMEBUFFER_OPERATION: glDrawArrays: Framebuffer is incomplete: Attachment has zero size. @ http://localhost:3000/:0
[   30419ms] [WARNING] [.WebGL-0x11c004bbc00] GL_INVALID_FRAMEBUFFER_OPERATION: glDrawArrays: Framebuffer is incomplete: Attachment has zero size. @ http://localhost:3000/:0
[   30419ms] [WARNING] [.WebGL-0x11c004bbc00] GL_INVALID_FRAMEBUFFER_OPERATION: glClear: Framebuffer is incomplete: Attachment has zero size. @ http://localhost:3000/:0
[   30419ms] [WARNING] [.WebGL-0x11c004bbc00] GL_INVALID_FRAMEBUFFER_OPERATION: glClearBufferfv: Framebuffer is incomplete: Attachment has zero size. @ http://localhost:3000/:0
[   30419ms] [WARNING] [.WebGL-0x11c004bbc00] GL_INVALID_FRAMEBUFFER_OPERATION: glDrawElements: Framebuffer is incomplete: Attachment has zero size. @ http://localhost:3000/:0
[   30419ms] [WARNING] [.WebGL-0x11c004bbc00] GL_INVALID_FRAMEBUFFER_OPERATION: glDrawArrays: Framebuffer is incomplete: Attachment has zero size. @ http://localhost:3000/:0
[   30419ms] [WARNING] [.WebGL-0x11c004bbc00] GL_INVALID_FRAMEBUFFER_OPERATION: glDrawElements: Framebuffer is incomplete: Attachment has zero size. @ http://localhost:3000/:0
[   30419ms] [WARNING] [.WebGL-0x11c004bbc00] GL_INVALID_FRAMEBUFFER_OPERATION: glDrawArrays: Framebuffer is incomplete: Attachment has zero size. @ http://localhost:3000/:0
[   30420ms] [WARNING] [.WebGL-0x11c004bbc00] GL_INVALID_FRAMEBUFFER_OPERATION: glDrawElements: Framebuffer is incomplete: Attachment has zero size. @ http://localhost:3000/:0
[   30420ms] [WARNING] [.WebGL-0x11c004bbc00] GL_INVALID_FRAMEBUFFER_OPERATION: glDrawElements: Framebuffer is incomplete: Attachment has zero size. @ http://localhost:3000/:0
[   30420ms] [WARNING] [.WebGL-0x11c004bbc00] GL_INVALID_FRAMEBUFFER_OPERATION: glDrawElements: Framebuffer is incomplete: Attachment has zero size. @ http://localhost:3000/:0
[   30420ms] [WARNING] [.WebGL-0x11c004bbc00] GL_INVALID_FRAMEBUFFER_OPERATION: glDrawElements: Framebuffer is incomplete: Attachment has zero size. @ http://localhost:3000/:0
[   30420ms] [WARNING] [.WebGL-0x11c004bbc00] GL_INVALID_FRAMEBUFFER_OPERATION: glDrawElements: Framebuffer is incomplete: Attachment has zero size. @ http://localhost:3000/:0
[   30420ms] [WARNING] [.WebGL-0x11c004bbc00] GL_INVALID_FRAMEBUFFER_OPERATION: glDrawElements: Framebuffer is incomplete: Attachment has zero size. @ http://localhost:3000/:0
[   30436ms] [WARNING] [.WebGL-0x11c004bbc00] GL_INVALID_FRAMEBUFFER_OPERATION: glDrawElements: Framebuffer is incomplete: Attachment has zero size. @ http://localhost:3000/:0
[   30436ms] [WARNING] [.WebGL-0x11c004bbc00] GL_INVALID_FRAMEBUFFER_OPERATION: glDrawElements: Framebuffer is incomplete: Attachment has zero size. @ http://localhost:3000/:0
[   30436ms] [WARNING] [.WebGL-0x11c004bbc00] GL_INVALID_FRAMEBUFFER_OPERATION: glDrawElements: Framebuffer is incomplete: Attachment has zero size. @ http://localhost:3000/:0
[   30436ms] [WARNING] [.WebGL-0x11c004bbc00] GL_INVALID_FRAMEBUFFER_OPERATION: glDrawElements: Framebuffer is incomplete: Attachment has zero size. @ http://localhost:3000/:0
[   30436ms] [WARNING] [.WebGL-0x11c004bbc00] GL_INVALID_FRAMEBUFFER_OPERATION: glDrawElementsInstanced: Framebuffer is incomplete: Attachment has zero size. @ http://localhost:3000/:0
[   30436ms] [WARNING] [.WebGL-0x11c004bbc00] GL_INVALID_FRAMEBUFFER_OPERATION: glDrawElementsInstanced: Framebuffer is incomplete: Attachment has zero size. @ http://localhost:3000/:0
[   30436ms] [WARNING] [.WebGL-0x11c004bbc00] GL_INVALID_FRAMEBUFFER_OPERATION: glDrawElements: Framebuffer is incomplete: Attachment has zero size. @ http://localhost:3000/:0
[   30436ms] [WARNING] [.WebGL-0x11c004bbc00] GL_INVALID_FRAMEBUFFER_OPERATION: glDrawArrays: Framebuffer is incomplete: Attachment has zero size. @ http://localhost:3000/:0
[   30436ms] [WARNING] [.WebGL-0x11c004bbc00] GL_INVALID_FRAMEBUFFER_OPERATION: glDrawArrays: Framebuffer is incomplete: Attachment has zero size. @ http://localhost:3000/:0
[   30436ms] [WARNING] [.WebGL-0x11c004bbc00] GL_INVALID_FRAMEBUFFER_OPERATION: glDrawArrays: Framebuffer is incomplete: Attachment has zero size. @ http://localhost:3000/:0
[   30436ms] [WARNING] [.WebGL-0x11c004bbc00] GL_INVALID_FRAMEBUFFER_OPERATION: glDrawArrays: Framebuffer is incomplete: Attachment has zero size. @ http://localhost:3000/:0
[   30436ms] [WARNING] [.WebGL-0x11c004bbc00] GL_INVALID_FRAMEBUFFER_OPERATION: glDrawArrays: Framebuffer is incomplete: Attachment has zero size. @ http://localhost:3000/:0
[   30436ms] [WARNING] [.WebGL-0x11c004bbc00] GL_INVALID_FRAMEBUFFER_OPERATION: glDrawArrays: Framebuffer is incomplete: Attachment has zero size. @ http://localhost:3000/:0
[   30436ms] [WARNING] [.WebGL-0x11c004bbc00] GL_INVALID_FRAMEBUFFER_OPERATION: glDrawArrays: Framebuffer is incomplete: Attachment has zero size. @ http://localhost:3000/:0
[   30436ms] [WARNING] [.WebGL-0x11c004bbc00] GL_INVALID_FRAMEBUFFER_OPERATION: glDrawArrays: Framebuffer is incomplete: Attachment has zero size. @ http://localhost:3000/:0
[   30436ms] [WARNING] [.WebGL-0x11c004bbc00] GL_INVALID_FRAMEBUFFER_OPERATION: glDrawArrays: Framebuffer is incomplete: Attachment has zero size. @ http://localhost:3000/:0
[   30436ms] [WARNING] [.WebGL-0x11c004bbc00] GL_INVALID_FRAMEBUFFER_OPERATION: glDrawArrays: Framebuffer is incomplete: Attachment has zero size. @ http://localhost:3000/:0
[   30436ms] [WARNING] [.WebGL-0x11c004bbc00] GL_INVALID_FRAMEBUFFER_OPERATION: glDrawArrays: Framebuffer is incomplete: Attachment has zero size. @ http://localhost:3000/:0
[   30436ms] [WARNING] [.WebGL-0x11c004bbc00] GL_INVALID_FRAMEBUFFER_OPERATION: glClear: Framebuffer is incomplete: Attachment has zero size. @ http://localhost:3000/:0
[   30436ms] [WARNING] [.WebGL-0x11c004bbc00] GL_INVALID_FRAMEBUFFER_OPERATION: glClearBufferfv: Framebuffer is incomplete: Attachment has zero size. @ http://localhost:3000/:0
[   30436ms] [WARNING] [.WebGL-0x11c004bbc00] GL_INVALID_FRAMEBUFFER_OPERATION: glDrawElements: Framebuffer is incomplete: Attachment has zero size. @ http://localhost:3000/:0
[   30451ms] [WARNING] [.WebGL-0x11c004bbc00] GL_INVALID_FRAMEBUFFER_OPERATION: glDrawArrays: Framebuffer is incomplete: Attachment has zero size. @ http://localhost:3000/:0
[   30451ms] [WARNING] [.WebGL-0x11c004bbc00] GL_INVALID_FRAMEBUFFER_OPERATION: glDrawElements: Framebuffer is incomplete: Attachment has zero size. @ http://localhost:3000/:0
[   30451ms] [WARNING] [.WebGL-0x11c004bbc00] GL_INVALID_FRAMEBUFFER_OPERATION: glDrawArrays: Framebuffer is incomplete: Attachment has zero size. @ http://localhost:3000/:0
[   30451ms] [WARNING] [.WebGL-0x11c004bbc00] GL_INVALID_FRAMEBUFFER_OPERATION: glDrawElements: Framebuffer is incomplete: Attachment has zero size. @ http://localhost:3000/:0
[   30451ms] [WARNING] [.WebGL-0x11c004bbc00] GL_INVALID_FRAMEBUFFER_OPERATION: glDrawElements: Framebuffer is incomplete: Attachment has zero size. @ http://localhost:3000/:0
[   30451ms] [WARNING] [.WebGL-0x11c004bbc00] GL_INVALID_FRAMEBUFFER_OPERATION: glDrawElements: Framebuffer is incomplete: Attachment has zero size. @ http://localhost:3000/:0
[   30451ms] [WARNING] [.WebGL-0x11c004bbc00] GL_INVALID_FRAMEBUFFER_OPERATION: glDrawElements: Framebuffer is incomplete: Attachment has zero size. @ http://localhost:3000/:0
[   30451ms] [WARNING] [.WebGL-0x11c004bbc00] GL_INVALID_FRAMEBUFFER_OPERATION: glDrawElements: Framebuffer is incomplete: Attachment has zero size. @ http://localhost:3000/:0
[   30451ms] [WARNING] [.WebGL-0x11c004bbc00] GL_INVALID_FRAMEBUFFER_OPERATION: glDrawElements: Framebuffer is incomplete: Attachment has zero size. @ http://localhost:3000/:0
[   30451ms] [WARNING] [.WebGL-0x11c004bbc00] GL_INVALID_FRAMEBUFFER_OPERATION: glDrawElements: Framebuffer is incomplete: Attachment has zero size. @ http://localhost:3000/:0
[   30451ms] [WARNING] [.WebGL-0x11c004bbc00] GL_INVALID_FRAMEBUFFER_OPERATION: glDrawElements: Framebuffer is incomplete: Attachment has zero size. @ http://localhost:3000/:0
[   30451ms] [WARNING] [.WebGL-0x11c004bbc00] GL_INVALID_FRAMEBUFFER_OPERATION: glDrawElements: Framebuffer is incomplete: Attachment has zero size. @ http://localhost:3000/:0
[   30451ms] [WARNING] [.WebGL-0x11c004bbc00] GL_INVALID_FRAMEBUFFER_OPERATION: glDrawElements: Framebuffer is incomplete: Attachment has zero size. @ http://localhost:3000/:0
[   30451ms] [WARNING] [.WebGL-0x11c004bbc00] GL_INVALID_FRAMEBUFFER_OPERATION: glDrawElementsInstanced: Framebuffer is incomplete: Attachment has zero size. @ http://localhost:3000/:0
[   30451ms] [WARNING] [.WebGL-0x11c004bbc00] GL_INVALID_FRAMEBUFFER_OPERATION: glDrawElementsInstanced: Framebuffer is incomplete: Attachment has zero size. @ http://localhost:3000/:0
[   30451ms] [WARNING] [.WebGL-0x11c004bbc00] GL_INVALID_FRAMEBUFFER_OPERATION: glDrawElements: Framebuffer is incomplete: Attachment has zero size. @ http://localhost:3000/:0
[   30451ms] [WARNING] [.WebGL-0x11c004bbc00] GL_INVALID_FRAMEBUFFER_OPERATION: glDrawArrays: Framebuffer is incomplete: Attachment has zero size. @ http://localhost:3000/:0
[   30451ms] [WARNING] [.WebGL-0x11c004bbc00] GL_INVALID_FRAMEBUFFER_OPERATION: glDrawArrays: Framebuffer is incomplete: Attachment has zero size. @ http://localhost:3000/:0
[   30451ms] [WARNING] [.WebGL-0x11c004bbc00] GL_INVALID_FRAMEBUFFER_OPERATION: glDrawArrays: Framebuffer is incomplete: Attachment has zero size. @ http://localhost:3000/:0
[   30451ms] [WARNING] [.WebGL-0x11c004bbc00] GL_INVALID_FRAMEBUFFER_OPERATION: glDrawArrays: Framebuffer is incomplete: Attachment has zero size. @ http://localhost:3000/:0
[   30451ms] [WARNING] [.WebGL-0x11c004bbc00] GL_INVALID_FRAMEBUFFER_OPERATION: glDrawArrays: Framebuffer is incomplete: Attachment has zero size. @ http://localhost:3000/:0
[   30451ms] [WARNING] [.WebGL-0x11c004bbc00] GL_INVALID_FRAMEBUFFER_OPERATION: glDrawArrays: Framebuffer is incomplete: Attachment has zero size. @ http://localhost:3000/:0
[   30451ms] [WARNING] [.WebGL-0x11c004bbc00] GL_INVALID_FRAMEBUFFER_OPERATION: glDrawArrays: Framebuffer is incomplete: Attachment has zero size. @ http://localhost:3000/:0
[   30451ms] [WARNING] [.WebGL-0x11c004bbc00] GL_INVALID_FRAMEBUFFER_OPERATION: glDrawArrays: Framebuffer is incomplete: Attachment has zero size. @ http://localhost:3000/:0
[   30451ms] [WARNING] [.WebGL-0x11c004bbc00] GL_INVALID_FRAMEBUFFER_OPERATION: glDrawArrays: Framebuffer is incomplete: Attachment has zero size. @ http://localhost:3000/:0
[   30451ms] [WARNING] [.WebGL-0x11c004bbc00] GL_INVALID_FRAMEBUFFER_OPERATION: glDrawArrays: Framebuffer is incomplete: Attachment has zero size. @ http://localhost:3000/:0
[   30451ms] [WARNING] [.WebGL-0x11c004bbc00] GL_INVALID_FRAMEBUFFER_OPERATION: glDrawArrays: Framebuffer is incomplete: Attachment has zero size. @ http://localhost:3000/:0
[   30451ms] [WARNING] [.WebGL-0x11c004bbc00] GL_INVALID_FRAMEBUFFER_OPERATION: glClear: Framebuffer is incomplete: Attachment has zero size. @ http://localhost:3000/:0
[   30451ms] [WARNING] [.WebGL-0x11c004bbc00] GL_INVALID_FRAMEBUFFER_OPERATION: glClearBufferfv: Framebuffer is incomplete: Attachment has zero size. @ http://localhost:3000/:0
[   30468ms] [WARNING] [.WebGL-0x11c004bbc00] GL_INVALID_FRAMEBUFFER_OPERATION: glDrawElements: Framebuffer is incomplete: Attachment has zero size. @ http://localhost:3000/:0
[   30468ms] [WARNING] [.WebGL-0x11c004bbc00] GL_INVALID_FRAMEBUFFER_OPERATION: glDrawArrays: Framebuffer is incomplete: Attachment has zero size. @ http://localhost:3000/:0
[   30468ms] [WARNING] [.WebGL-0x11c004bbc00] GL_INVALID_FRAMEBUFFER_OPERATION: glDrawElements: Framebuffer is incomplete: Attachment has zero size. @ http://localhost:3000/:0
[   30468ms] [WARNING] [.WebGL-0x11c004bbc00] GL_INVALID_FRAMEBUFFER_OPERATION: glDrawArrays: Framebuffer is incomplete: Attachment has zero size. @ http://localhost:3000/:0
[   30468ms] [WARNING] [.WebGL-0x11c004bbc00] GL_INVALID_FRAMEBUFFER_OPERATION: glDrawElements: Framebuffer is incomplete: Attachment has zero size. @ http://localhost:3000/:0
[   30468ms] [WARNING] [.WebGL-0x11c004bbc00] GL_INVALID_FRAMEBUFFER_OPERATION: glDrawElements: Framebuffer is incomplete: Attachment has zero size. @ http://localhost:3000/:0
[   30468ms] [WARNING] [.WebGL-0x11c004bbc00] GL_INVALID_FRAMEBUFFER_OPERATION: glDrawElements: Framebuffer is incomplete: Attachment has zero size. @ http://localhost:3000/:0
[   30468ms] [WARNING] [.WebGL-0x11c004bbc00] GL_INVALID_FRAMEBUFFER_OPERATION: glDrawElements: Framebuffer is incomplete: Attachment has zero size. @ http://localhost:3000/:0
[   30468ms] [WARNING] [.WebGL-0x11c004bbc00] GL_INVALID_FRAMEBUFFER_OPERATION: glDrawElements: Framebuffer is incomplete: Attachment has zero size. @ http://localhost:3000/:0
[   30468ms] [WARNING] [.WebGL-0x11c004bbc00] GL_INVALID_FRAMEBUFFER_OPERATION: glDrawElements: Framebuffer is incomplete: Attachment has zero size. @ http://localhost:3000/:0
[   30468ms] [WARNING] [.WebGL-0x11c004bbc00] GL_INVALID_FRAMEBUFFER_OPERATION: glDrawElements: Framebuffer is incomplete: Attachment has zero size. @ http://localhost:3000/:0
[   30468ms] [WARNING] [.WebGL-0x11c004bbc00] GL_INVALID_FRAMEBUFFER_OPERATION: glDrawElements: Framebuffer is incomplete: Attachment has zero size. @ http://localhost:3000/:0
[   30468ms] [WARNING] [.WebGL-0x11c004bbc00] GL_INVALID_FRAMEBUFFER_OPERATION: glDrawElements: Framebuffer is incomplete: Attachment has zero size. @ http://localhost:3000/:0
[   30468ms] [WARNING] WebGL: too many errors, no more errors will be reported to the console for this context. @ http://localhost:3000/:0
[   30565ms] [LOG] [Fast Refresh] rebuilding @ http://localhost:3000/_next/static/chunks/node_modules_next_dist_115brz8._.js:2477
[   30765ms] [LOG] [Fast Refresh] done in 302ms @ http://localhost:3000/_next/static/chunks/node_modules_next_dist_115brz8._.js:2477
[   31763ms] [ERROR] Failed to load resource: the server responded with a status of 500 () @ https://fonts.cdnfonts.com/css/8-bit-operator:0
[   31775ms] [INFO] %cDownload the React DevTools for a better development experience: https://react.dev/link/react-devtools font-weight:bold @ http://localhost:3000/_next/static/chunks/node_modules_next_dist_115brz8._.js:2477
[   31891ms] [LOG] [HMR] connected @ http://localhost:3000/_next/static/chunks/node_modules_next_dist_115brz8._.js:2477
